{
    "-profile test": {
        "content": [
            2,
            null,
            [
                "iridanext.output.json",
                "pipeline_info",
                "transformation",
                "transformation/results.csv",
                "transformation/transformation.csv",
                "write",
                "write/results.json"
            ],
            [
                "iridanext.output.json:md5,f508c22fef537c14cb205620fb79896b",
                "results.csv:md5,1ea83d809c3b00d135bb2784a3c9db17",
                "transformation.csv:md5,7d2257af077a26a0a49d040aa68683a1",
                "results.json:md5,b63beb7da2c00f967d1d291057311392"
            ]
        ],
        "meta": {
            "nf-test": "0.9.3",
            "nextflow": "25.10.0"
        },
        "timestamp": "2026-03-27T08:21:13.304356779"
    }
}